(eval):1: no such file or directory: /Users/maksymiliansiwecki/PycharmProjects/AIDROPS_PRO/.venv/bin/pio
